
> autoblog-pro@0.0.0 build
> tsc -b && vite build

vite v8.0.16 building client environment for production...
[2Ktransforming...✓ 2209 modules transformed.
rendering chunks...
computing gzip size...
dist/index.html                   0.46 kB │ gzip:   0.29 kB
dist/assets/index-C1mRqDH_.css    8.07 kB │ gzip:   2.11 kB
dist/assets/index-4KDC6de6.js   438.61 kB │ gzip: 139.09 kB

✓ built in 702ms
