Testing model: gemini-1.5-flash...
Error for gemini-1.5-flash: [GoogleGenerativeAI Error]: Error fetching from https://generativelanguage.googleapis.com/v1beta/models/gemini-1.5-flash:generateContent: [404 Not Found] models/gemini-1.5-flash is not found for API version v1beta, or is not supported for generateContent. Call ModelService.ListModels to see the list of available models and their supported methods.
Testing model: gemini-2.0-flash...
Error for gemini-2.0-flash: [GoogleGenerativeAI Error]: Error fetching from https://generativelanguage.googleapis.com/v1beta/models/gemini-2.0-flash:generateContent: [404 Not Found] This model models/gemini-2.0-flash is no longer available. Please update your code to use a newer model for the latest features and improvements.
Testing model: gemini-flash-latest...
Result for gemini-flash-latest: Success
